// Jest Snapshot v1, https://goo.gl/fbAQLP

exports[`layout renders 1`] = `
<DocumentFragment>
  <div>
    <p>
      Hello
    </p>
  </div>
</DocumentFragment>
`;
