// Jest Snapshot v1, https://goo.gl/fbAQLP

exports[`social icon renders 1`] = `
<DocumentFragment>
  <a
    aria-label="Twitch"
    class="text-gray-800"
    href="https://twitch.tv"
    title="https://twitch.tv"
  >
    <svg
      aria-hidden="true"
      class="svg-inline--fa fa-twitch "
      data-icon="twitch"
      data-prefix="fab"
      focusable="false"
      role="img"
      viewBox="0 0 512 512"
      xmlns="http://www.w3.org/2000/svg"
    >
      <path
        d="M391.17,103.47H352.54v109.7h38.63ZM285,103H246.37V212.75H285ZM120.83,0,24.31,91.42V420.58H140.14V512l96.53-91.42h77.25L487.69,256V0ZM449.07,237.75l-77.22,73.12H294.61l-67.6,64v-64H140.14V36.58H449.07Z"
        fill="currentColor"
      />
    </svg>
  </a>
</DocumentFragment>
`;
